Testing region: eu-west-1
FAILED: Error querying the database: FATAL: Tenant or user not found
Testing region: us-east-1
FAILED: Error querying the database: FATAL: Tenant or user not found
Testing region: us-west-1
FAILED: Error querying the database: FATAL: Tenant or user not found
Testing region: eu-central-1
FAILED: Error querying the database: FATAL: Tenant or user not found
Testing region: ap-southeast-1
FAILED: Error querying the database: FATAL: Tenant or user not found
